// Jest Snapshot v1, https://goo.gl/fbAQLP

exports[`LazyLoadMoreTrigger [LazyLoadMoreTrigger] Component basic tests matches the snapshot 1`] = `
<styled.div>
  <Component
    containerRef={
      Object {
        "current": null,
      }
    }
    loadingPlaceholder={<styled.div />}
  >
    <Component />
  </Component>
</styled.div>
`;
