// Jest Snapshot v1, https://goo.gl/fbAQLP

exports[`LazyResponsiveGalleryPicture [LazyResponsiveGalleryPicture - not visible test - children should not be visible] Component basic tests matches the snapshot 1`] = `
<Component
  containerRef={
    Object {
      "current": <div />,
    }
  }
  loadingPlaceholder={
    <styled.div>
      <styled.div />
    </styled.div>
  }
>
  <Component />
</Component>
`;

exports[`LazyResponsiveGalleryPicture [lazyResponsiveGalleryLoadingPlaceholder] Component basic tests matches the snapshot 1`] = `
.c0 {
  position: relative;
  display: -webkit-box;
  display: -webkit-flex;
  display: -ms-flexbox;
  display: flex;
  -webkit-box-pack: center;
  -webkit-justify-content: center;
  -ms-flex-pack: center;
  justify-content: center;
  -webkit-align-items: center;
  -webkit-box-align: center;
  -ms-flex-align: center;
  align-items: center;
  min-width: 500px;
  width: 100%;
  height: 100%;
}

@media only screen and (max-width:600px) {
  .c0 {
    min-width: 200px;
  }
}

<div
  className="c0"
>
  <styled.div />
</div>
`;
