// Jest Snapshot v1, https://goo.gl/fbAQLP

exports[`GalleryHeaderStyles [SearchForm] Component basic tests matches the snapshot 1`] = `
.c0 {
  width: 100%;
  display: -webkit-box;
  display: -webkit-flex;
  display: -ms-flexbox;
  display: flex;
  -webkit-flex-direction: row;
  -ms-flex-direction: row;
  flex-direction: row;
  padding: 10px 10px;
  background-color: white;
}

<form
  className="c0"
/>
`;
